{
  "version": "1.5.0",
  "plugins_used": [
    {
      "name": "ArtifactoryDetector"
    },
    {
      "name": "AWSKeyDetector"
    },
    {
      "name": "AzureStorageKeyDetector"
    },
    {
      "name": "Base64HighEntropyString",
      "limit": 4.5
    },
    {
      "name": "BasicAuthDetector"
    },
    {
      "name": "CloudantDetector"
    },
    {
      "name": "DiscordBotTokenDetector"
    },
    {
      "name": "GitHubTokenDetector"
    },
    {
      "name": "HexHighEntropyString",
      "limit": 3.0
    },
    {
      "name": "IbmCloudIamDetector"
    },
    {
      "name": "IbmCosHmacDetector"
    },
    {
      "name": "JwtTokenDetector"
    },
    {
      "name": "KeywordDetector",
      "keyword_exclude": ""
    },
    {
      "name": "MailchimpDetector"
    },
    {
      "name": "NpmDetector"
    },
    {
      "name": "PrivateKeyDetector"
    },
    {
      "name": "SendGridDetector"
    },
    {
      "name": "SlackDetector"
    },
    {
      "name": "SoftlayerDetector"
    },
    {
      "name": "SquareOAuthDetector"
    },
    {
      "name": "StripeDetector"
    },
    {
      "name": "TwilioKeyDetector"
    }
  ],
  "filters_used": [
    {
      "path": "detect_secrets.filters.allowlist.is_line_allowlisted"
    },
    {
      "path": "detect_secrets.filters.common.is_baseline_file",
      "filename": ".secrets.baseline"
    },
    {
      "path": "detect_secrets.filters.common.is_ignored_due_to_verification_policies",
      "min_level": 2
    },
    {
      "path": "detect_secrets.filters.heuristic.is_indirect_reference"
    },
    {
      "path": "detect_secrets.filters.heuristic.is_likely_id_string"
    },
    {
      "path": "detect_secrets.filters.heuristic.is_lock_file"
    },
    {
      "path": "detect_secrets.filters.heuristic.is_not_alphanumeric_string"
    },
    {
      "path": "detect_secrets.filters.heuristic.is_potential_uuid"
    },
    {
      "path": "detect_secrets.filters.heuristic.is_prefixed_with_dollar_sign"
    },
    {
      "path": "detect_secrets.filters.heuristic.is_sequential_string"
    },
    {
      "path": "detect_secrets.filters.heuristic.is_swagger_file"
    },
    {
      "path": "detect_secrets.filters.heuristic.is_templated_secret"
    }
  ],
  "results": {
    "dot_claude/commands/chore/modernize.md": [
      {
        "type": "Secret Keyword",
        "filename": "dot_claude/commands/chore/modernize.md",
        "hashed_secret": "9e19a47495c73d2a535c36affdcd130cecf96232",
        "is_verified": false,
        "line_number": 138
      },
      {
        "type": "Basic Auth Credentials",
        "filename": "dot_claude/commands/chore/modernize.md",
        "hashed_secret": "5baa61e4c9b93f3f0682250b6cf8331b7ee68fd8",
        "is_verified": false,
        "line_number": 374
      }
    ],
    "dot_claude/commands/experimental/modernize.md": [
      {
        "type": "Secret Keyword",
        "filename": "dot_claude/commands/experimental/modernize.md",
        "hashed_secret": "9e19a47495c73d2a535c36affdcd130cecf96232",
        "is_verified": false,
        "line_number": 138
      },
      {
        "type": "Basic Auth Credentials",
        "filename": "dot_claude/commands/experimental/modernize.md",
        "hashed_secret": "5baa61e4c9b93f3f0682250b6cf8331b7ee68fd8",
        "is_verified": false,
        "line_number": 374
      }
    ],
    "dot_claude/docs/agent-output-template.md": [
      {
        "type": "Secret Keyword",
        "filename": "dot_claude/docs/agent-output-template.md",
        "hashed_secret": "adb8d8604ec83ca759672e99e15d806b381d2414",
        "is_verified": false,
        "line_number": 64
      }
    ],
    "dot_claude/tasks/inter-agent-context.json": [
      {
        "type": "Secret Keyword",
        "filename": "dot_claude/tasks/inter-agent-context.json",
        "hashed_secret": "f59a4a93ae12a5b7b71131f414fdf15a81d8bf4f",
        "is_verified": false,
        "line_number": 80
      }
    ],
    "lazy-lock.json": [
      {
        "type": "Hex High Entropy String",
        "filename": "lazy-lock.json",
        "hashed_secret": "3af1f0716a64d25be23ef3cf43648e5e476b6c35",
        "is_verified": false,
        "line_number": 2
      },
      {
        "type": "Hex High Entropy String",
        "filename": "lazy-lock.json",
        "hashed_secret": "241da653187d6920f5df051d6e52913fe344b049",
        "is_verified": false,
        "line_number": 3
      },
      {
        "type": "Hex High Entropy String",
        "filename": "lazy-lock.json",
        "hashed_secret": "99c230e31ab28c6ba3be02c5034857434ab35d15",
        "is_verified": false,
        "line_number": 4
      },
      {
        "type": "Hex High Entropy String",
        "filename": "lazy-lock.json",
        "hashed_secret": "a1c321f155f0b37c78821caad4cfd56e6e5b07b0",
        "is_verified": false,
        "line_number": 5
      },
      {
        "type": "Hex High Entropy String",
        "filename": "lazy-lock.json",
        "hashed_secret": "fda21d3c1e7d46e7d6638f3d198ea54fd857cf59",
        "is_verified": false,
        "line_number": 6
      },
      {
        "type": "Hex High Entropy String",
        "filename": "lazy-lock.json",
        "hashed_secret": "33839963269e2efc75bc55fc53d75352cb6102de",
        "is_verified": false,
        "line_number": 7
      },
      {
        "type": "Hex High Entropy String",
        "filename": "lazy-lock.json",
        "hashed_secret": "e2bada2b0800c22622a2972d27b64b3fc2053400",
        "is_verified": false,
        "line_number": 8
      },
      {
        "type": "Hex High Entropy String",
        "filename": "lazy-lock.json",
        "hashed_secret": "98d8da1a19f260ac98e1ac7520131c4d004a94c1",
        "is_verified": false,
        "line_number": 9
      },
      {
        "type": "Hex High Entropy String",
        "filename": "lazy-lock.json",
        "hashed_secret": "5b84c6ace33b445bf8154ec11bc0572b4e7cb9c5",
        "is_verified": false,
        "line_number": 10
      },
      {
        "type": "Hex High Entropy String",
        "filename": "lazy-lock.json",
        "hashed_secret": "03d1e1f00ba3f1102ba35964143a0abcd03bd380",
        "is_verified": false,
        "line_number": 11
      },
      {
        "type": "Hex High Entropy String",
        "filename": "lazy-lock.json",
        "hashed_secret": "802b9830ccc723d689d571902f31228073486ff2",
        "is_verified": false,
        "line_number": 12
      },
      {
        "type": "Hex High Entropy String",
        "filename": "lazy-lock.json",
        "hashed_secret": "76954716c7316b59148138b7fbe76570df065158",
        "is_verified": false,
        "line_number": 13
      },
      {
        "type": "Hex High Entropy String",
        "filename": "lazy-lock.json",
        "hashed_secret": "ff12490eb45b353dc577fd12ce945a26e3d789fb",
        "is_verified": false,
        "line_number": 14
      },
      {
        "type": "Hex High Entropy String",
        "filename": "lazy-lock.json",
        "hashed_secret": "6303698510e4419e719928fc99cf1afaa020060d",
        "is_verified": false,
        "line_number": 15
      },
      {
        "type": "Hex High Entropy String",
        "filename": "lazy-lock.json",
        "hashed_secret": "ce2c9978152cbc1d1f7e889001fe0f6b78a62bcb",
        "is_verified": false,
        "line_number": 16
      },
      {
        "type": "Hex High Entropy String",
        "filename": "lazy-lock.json",
        "hashed_secret": "e9145a053172fdd1d63e726a886e42b9f0c85163",
        "is_verified": false,
        "line_number": 17
      },
      {
        "type": "Hex High Entropy String",
        "filename": "lazy-lock.json",
        "hashed_secret": "dd38908a790fc7bcb3bdd43a66c0e6e96dd2e37d",
        "is_verified": false,
        "line_number": 18
      },
      {
        "type": "Hex High Entropy String",
        "filename": "lazy-lock.json",
        "hashed_secret": "77bddfa8dbc091588cecaf33501689365f28808e",
        "is_verified": false,
        "line_number": 19
      },
      {
        "type": "Hex High Entropy String",
        "filename": "lazy-lock.json",
        "hashed_secret": "f408eda756237663ad7fb20323c0126dcec68c17",
        "is_verified": false,
        "line_number": 20
      },
      {
        "type": "Hex High Entropy String",
        "filename": "lazy-lock.json",
        "hashed_secret": "6548750de1d561189e0be792931c8825a7727c23",
        "is_verified": false,
        "line_number": 21
      },
      {
        "type": "Hex High Entropy String",
        "filename": "lazy-lock.json",
        "hashed_secret": "73a804e4f5488c6f41c96520284582d616d6b022",
        "is_verified": false,
        "line_number": 22
      },
      {
        "type": "Hex High Entropy String",
        "filename": "lazy-lock.json",
        "hashed_secret": "8a5bbba9f1cc39ced886ad3bdb91be0ad307e0cd",
        "is_verified": false,
        "line_number": 23
      },
      {
        "type": "Hex High Entropy String",
        "filename": "lazy-lock.json",
        "hashed_secret": "653762059b33f381cec04cd567858dd03ff64160",
        "is_verified": false,
        "line_number": 24
      },
      {
        "type": "Hex High Entropy String",
        "filename": "lazy-lock.json",
        "hashed_secret": "1d8800aa03fcb5f101abda1509cdb2f3eb7c40a2",
        "is_verified": false,
        "line_number": 25
      },
      {
        "type": "Hex High Entropy String",
        "filename": "lazy-lock.json",
        "hashed_secret": "105a9667bfe936a2ed6b64efab0c3c94212da4bc",
        "is_verified": false,
        "line_number": 26
      },
      {
        "type": "Hex High Entropy String",
        "filename": "lazy-lock.json",
        "hashed_secret": "fcc551d26bb28e63289cb5862b347b566befadf8",
        "is_verified": false,
        "line_number": 27
      },
      {
        "type": "Hex High Entropy String",
        "filename": "lazy-lock.json",
        "hashed_secret": "cba98fe7f952302df5935b7b324882ada5b1110c",
        "is_verified": false,
        "line_number": 28
      },
      {
        "type": "Hex High Entropy String",
        "filename": "lazy-lock.json",
        "hashed_secret": "a18bd3c445983b748cafdbf29e61fb8970c4a852",
        "is_verified": false,
        "line_number": 29
      },
      {
        "type": "Hex High Entropy String",
        "filename": "lazy-lock.json",
        "hashed_secret": "36cb0b91e490022df516a944e81edbc322e503b6",
        "is_verified": false,
        "line_number": 30
      },
      {
        "type": "Hex High Entropy String",
        "filename": "lazy-lock.json",
        "hashed_secret": "5167f0e722770a143cbfeb726b17e042c5c411ad",
        "is_verified": false,
        "line_number": 31
      },
      {
        "type": "Hex High Entropy String",
        "filename": "lazy-lock.json",
        "hashed_secret": "5af65a75346f326bf6a3d42852db6a58451b1f6d",
        "is_verified": false,
        "line_number": 32
      },
      {
        "type": "Hex High Entropy String",
        "filename": "lazy-lock.json",
        "hashed_secret": "1434d6e2f6c2271a4ea10ae2e664589cf86fc5fb",
        "is_verified": false,
        "line_number": 33
      },
      {
        "type": "Hex High Entropy String",
        "filename": "lazy-lock.json",
        "hashed_secret": "4d214cee281b241ca2f213f9e8aeae69c3f62a7c",
        "is_verified": false,
        "line_number": 34
      },
      {
        "type": "Hex High Entropy String",
        "filename": "lazy-lock.json",
        "hashed_secret": "4e9c3c48ab1c9c9eb690799e6e6d500d4fce9bd1",
        "is_verified": false,
        "line_number": 35
      },
      {
        "type": "Hex High Entropy String",
        "filename": "lazy-lock.json",
        "hashed_secret": "767033c2fbb4fb1a4a12a6909838d62bb55ff43b",
        "is_verified": false,
        "line_number": 36
      },
      {
        "type": "Hex High Entropy String",
        "filename": "lazy-lock.json",
        "hashed_secret": "1f4f117e371df671dc7126576113d920bcd38733",
        "is_verified": false,
        "line_number": 37
      },
      {
        "type": "Hex High Entropy String",
        "filename": "lazy-lock.json",
        "hashed_secret": "0f305546e18dacf3cdc13e231aa122d35d72578b",
        "is_verified": false,
        "line_number": 38
      },
      {
        "type": "Hex High Entropy String",
        "filename": "lazy-lock.json",
        "hashed_secret": "b9ebdeb55a6521c07e6ea21d3d4b194c48d3c75a",
        "is_verified": false,
        "line_number": 39
      },
      {
        "type": "Hex High Entropy String",
        "filename": "lazy-lock.json",
        "hashed_secret": "8d557bb5817e4518fbe74ae22e8fd45457960787",
        "is_verified": false,
        "line_number": 40
      },
      {
        "type": "Hex High Entropy String",
        "filename": "lazy-lock.json",
        "hashed_secret": "c40563e96857067e69a42cfeb95d7f6f3525c5d5",
        "is_verified": false,
        "line_number": 41
      },
      {
        "type": "Hex High Entropy String",
        "filename": "lazy-lock.json",
        "hashed_secret": "e4fd097e06b0d32b0e57d103d031c25ae65576ce",
        "is_verified": false,
        "line_number": 42
      },
      {
        "type": "Hex High Entropy String",
        "filename": "lazy-lock.json",
        "hashed_secret": "e11b270e9b0d9040dc3dd53f70a0e8911b6848e2",
        "is_verified": false,
        "line_number": 43
      },
      {
        "type": "Hex High Entropy String",
        "filename": "lazy-lock.json",
        "hashed_secret": "a797bc1493f660c42bbc755b8ec7115b24067340",
        "is_verified": false,
        "line_number": 44
      },
      {
        "type": "Hex High Entropy String",
        "filename": "lazy-lock.json",
        "hashed_secret": "f5a85768c2fb9cd32cbd893b504f70231ead0302",
        "is_verified": false,
        "line_number": 45
      },
      {
        "type": "Hex High Entropy String",
        "filename": "lazy-lock.json",
        "hashed_secret": "a924c203f26f5de5e411ca8c65b7698cf60cd6cd",
        "is_verified": false,
        "line_number": 46
      },
      {
        "type": "Hex High Entropy String",
        "filename": "lazy-lock.json",
        "hashed_secret": "7ba4fd84a4bae43f8051d6ab308be68f402a83b8",
        "is_verified": false,
        "line_number": 47
      },
      {
        "type": "Hex High Entropy String",
        "filename": "lazy-lock.json",
        "hashed_secret": "82b3486ff532d542dad8d3ed761ca9ddacc15067",
        "is_verified": false,
        "line_number": 48
      },
      {
        "type": "Hex High Entropy String",
        "filename": "lazy-lock.json",
        "hashed_secret": "76acbbe26b9fad4bf75dd25bd71041f72aa64a18",
        "is_verified": false,
        "line_number": 49
      },
      {
        "type": "Hex High Entropy String",
        "filename": "lazy-lock.json",
        "hashed_secret": "fd51e75353658139fceabf70173b142811f02536",
        "is_verified": false,
        "line_number": 50
      },
      {
        "type": "Hex High Entropy String",
        "filename": "lazy-lock.json",
        "hashed_secret": "09022964902ad1832280a90b273344f8c4d6c38c",
        "is_verified": false,
        "line_number": 51
      },
      {
        "type": "Hex High Entropy String",
        "filename": "lazy-lock.json",
        "hashed_secret": "5fc1c55de1cbc94d5a6f703ed989775416bf0ec8",
        "is_verified": false,
        "line_number": 52
      },
      {
        "type": "Hex High Entropy String",
        "filename": "lazy-lock.json",
        "hashed_secret": "9619a148d233b7590ed5e71f6fa74a80cc81dcad",
        "is_verified": false,
        "line_number": 53
      },
      {
        "type": "Hex High Entropy String",
        "filename": "lazy-lock.json",
        "hashed_secret": "9a546eae7a3266fb625ffb42efc5759c044025bc",
        "is_verified": false,
        "line_number": 54
      },
      {
        "type": "Hex High Entropy String",
        "filename": "lazy-lock.json",
        "hashed_secret": "219a52564e4d8902fef584c007f52d5341417995",
        "is_verified": false,
        "line_number": 55
      },
      {
        "type": "Hex High Entropy String",
        "filename": "lazy-lock.json",
        "hashed_secret": "b0ea3c8a9f3e55a936c4343eb8ebc7f08d3cceb9",
        "is_verified": false,
        "line_number": 56
      },
      {
        "type": "Hex High Entropy String",
        "filename": "lazy-lock.json",
        "hashed_secret": "984a93de0ed029e5bd3d768cd41b1446d4665337",
        "is_verified": false,
        "line_number": 57
      },
      {
        "type": "Hex High Entropy String",
        "filename": "lazy-lock.json",
        "hashed_secret": "afe6d4e1d0e207247fe27f9bf4fcd7d012c041e4",
        "is_verified": false,
        "line_number": 58
      },
      {
        "type": "Hex High Entropy String",
        "filename": "lazy-lock.json",
        "hashed_secret": "153f17f2bab41bd1b2dba6fb30c7a2dfaf464b06",
        "is_verified": false,
        "line_number": 59
      },
      {
        "type": "Hex High Entropy String",
        "filename": "lazy-lock.json",
        "hashed_secret": "adf63bd3a9ca2185f66eb4af0f1b58f264567d62",
        "is_verified": false,
        "line_number": 60
      },
      {
        "type": "Hex High Entropy String",
        "filename": "lazy-lock.json",
        "hashed_secret": "0fac880d33f2cc9129872d2976d9ffd584f4b467",
        "is_verified": false,
        "line_number": 61
      },
      {
        "type": "Hex High Entropy String",
        "filename": "lazy-lock.json",
        "hashed_secret": "5bdab15e7ce8a926b60007154358ef5ea778887f",
        "is_verified": false,
        "line_number": 62
      },
      {
        "type": "Hex High Entropy String",
        "filename": "lazy-lock.json",
        "hashed_secret": "4db6fb28b7d41db3dba53608eeb8ba03dde5f3f7",
        "is_verified": false,
        "line_number": 63
      },
      {
        "type": "Hex High Entropy String",
        "filename": "lazy-lock.json",
        "hashed_secret": "d7a670e6a9d5c1585a90ab64324efe2402dc5af6",
        "is_verified": false,
        "line_number": 64
      },
      {
        "type": "Hex High Entropy String",
        "filename": "lazy-lock.json",
        "hashed_secret": "89e989a3a7d6105dcaebb1e1197495b7f0844735",
        "is_verified": false,
        "line_number": 65
      },
      {
        "type": "Hex High Entropy String",
        "filename": "lazy-lock.json",
        "hashed_secret": "d3a8ef10d6c0ed1c97b8f17ca443f7641370d6db",
        "is_verified": false,
        "line_number": 66
      },
      {
        "type": "Hex High Entropy String",
        "filename": "lazy-lock.json",
        "hashed_secret": "da7bc977f9ad2817d3eb80e952a9ea082c4e1b55",
        "is_verified": false,
        "line_number": 67
      },
      {
        "type": "Hex High Entropy String",
        "filename": "lazy-lock.json",
        "hashed_secret": "9ee15926f729c5ea197536d02239544e3502d512",
        "is_verified": false,
        "line_number": 68
      },
      {
        "type": "Hex High Entropy String",
        "filename": "lazy-lock.json",
        "hashed_secret": "99e71ad5aa63a008bfb234737c06b86aa2dbbc6b",
        "is_verified": false,
        "line_number": 69
      },
      {
        "type": "Hex High Entropy String",
        "filename": "lazy-lock.json",
        "hashed_secret": "dd313fec61cbee4db5660ddb827faddba9802bd7",
        "is_verified": false,
        "line_number": 70
      }
    ],
    "private_dot_config/private_atuin/private_config.toml": [
      {
        "type": "Secret Keyword",
        "filename": "private_dot_config/private_atuin/private_config.toml",
        "hashed_secret": "5ffe533b830f08a0326348a9160afafc8ada44db",
        "is_verified": false,
        "line_number": 146
      }
    ]
  },
  "generated_at": "2025-09-04T17:32:32Z"
}
