{
  "version": "1.5.0",
  "plugins_used": [
    {
      "name": "ArtifactoryDetector"
    },
    {
      "name": "AWSKeyDetector"
    },
    {
      "name": "AzureStorageKeyDetector"
    },
    {
      "name": "Base64HighEntropyString",
      "limit": 4.5
    },
    {
      "name": "BasicAuthDetector"
    },
    {
      "name": "CloudantDetector"
    },
    {
      "name": "DiscordBotTokenDetector"
    },
    {
      "name": "GitHubTokenDetector"
    },
    {
      "name": "HexHighEntropyString",
      "limit": 3.0
    },
    {
      "name": "IbmCloudIamDetector"
    },
    {
      "name": "IbmCosHmacDetector"
    },
    {
      "name": "JwtTokenDetector"
    },
    {
      "name": "KeywordDetector",
      "keyword_exclude": ""
    },
    {
      "name": "MailchimpDetector"
    },
    {
      "name": "NpmDetector"
    },
    {
      "name": "PrivateKeyDetector"
    },
    {
      "name": "SendGridDetector"
    },
    {
      "name": "SlackDetector"
    },
    {
      "name": "SoftlayerDetector"
    },
    {
      "name": "SquareOAuthDetector"
    },
    {
      "name": "StripeDetector"
    },
    {
      "name": "TwilioKeyDetector"
    }
  ],
  "filters_used": [
    {
      "path": "detect_secrets.filters.allowlist.is_line_allowlisted"
    },
    {
      "path": "detect_secrets.filters.common.is_baseline_file",
      "filename": ".secrets.baseline"
    },
    {
      "path": "detect_secrets.filters.common.is_ignored_due_to_verification_policies",
      "min_level": 2
    },
    {
      "path": "detect_secrets.filters.heuristic.is_indirect_reference"
    },
    {
      "path": "detect_secrets.filters.heuristic.is_likely_id_string"
    },
    {
      "path": "detect_secrets.filters.heuristic.is_lock_file"
    },
    {
      "path": "detect_secrets.filters.heuristic.is_not_alphanumeric_string"
    },
    {
      "path": "detect_secrets.filters.heuristic.is_potential_uuid"
    },
    {
      "path": "detect_secrets.filters.heuristic.is_prefixed_with_dollar_sign"
    },
    {
      "path": "detect_secrets.filters.heuristic.is_sequential_string"
    },
    {
      "path": "detect_secrets.filters.heuristic.is_swagger_file"
    },
    {
      "path": "detect_secrets.filters.heuristic.is_templated_secret"
    }
  ],
  "results": {
    ".claude/commands/chore/modernize.md": [
      {
        "type": "Secret Keyword",
        "filename": ".claude/commands/chore/modernize.md",
        "hashed_secret": "9e19a47495c73d2a535c36affdcd130cecf96232",
        "is_verified": false,
        "line_number": 144
      },
      {
        "type": "Basic Auth Credentials",
        "filename": ".claude/commands/chore/modernize.md",
        "hashed_secret": "5baa61e4c9b93f3f0682250b6cf8331b7ee68fd8",
        "is_verified": false,
        "line_number": 380
      }
    ],
    ".claude/commands/experimental/modernize.md": [
      {
        "type": "Secret Keyword",
        "filename": ".claude/commands/experimental/modernize.md",
        "hashed_secret": "9e19a47495c73d2a535c36affdcd130cecf96232",
        "is_verified": false,
        "line_number": 144
      },
      {
        "type": "Basic Auth Credentials",
        "filename": ".claude/commands/experimental/modernize.md",
        "hashed_secret": "5baa61e4c9b93f3f0682250b6cf8331b7ee68fd8",
        "is_verified": false,
        "line_number": 380
      }
    ],
    ".claude/docs/agent-output-template.md": [
      {
        "type": "Secret Keyword",
        "filename": ".claude/docs/agent-output-template.md",
        "hashed_secret": "adb8d8604ec83ca759672e99e15d806b381d2414",
        "is_verified": false,
        "line_number": 64
      }
    ],
    "lazy-lock.json": [
      {
        "type": "Hex High Entropy String",
        "filename": "lazy-lock.json",
        "hashed_secret": "3af1f0716a64d25be23ef3cf43648e5e476b6c35",
        "is_verified": false,
        "line_number": 2
      },
      {
        "type": "Hex High Entropy String",
        "filename": "lazy-lock.json",
        "hashed_secret": "86f7e56bde6e4adee7e08c222197b29b401b5850",
        "is_verified": false,
        "line_number": 3
      },
      {
        "type": "Hex High Entropy String",
        "filename": "lazy-lock.json",
        "hashed_secret": "9c7549f8a014b0d7ab66f2d9d5052123f3b84bd6",
        "is_verified": false,
        "line_number": 4
      },
      {
        "type": "Hex High Entropy String",
        "filename": "lazy-lock.json",
        "hashed_secret": "9d64bbf49f9e4029ff927f47ae2cda1ec29466f6",
        "is_verified": false,
        "line_number": 5
      },
      {
        "type": "Hex High Entropy String",
        "filename": "lazy-lock.json",
        "hashed_secret": "e035aa3b587690b8a2b0b8632ffda100322939f4",
        "is_verified": false,
        "line_number": 6
      },
      {
        "type": "Hex High Entropy String",
        "filename": "lazy-lock.json",
        "hashed_secret": "8d07e0bb36e12070b1b0a685c2c66737b7ddd686",
        "is_verified": false,
        "line_number": 7
      },
      {
        "type": "Hex High Entropy String",
        "filename": "lazy-lock.json",
        "hashed_secret": "074a1d8bc43fcd8f0ff8e83706641a831280e199",
        "is_verified": false,
        "line_number": 8
      },
      {
        "type": "Hex High Entropy String",
        "filename": "lazy-lock.json",
        "hashed_secret": "98d8da1a19f260ac98e1ac7520131c4d004a94c1",
        "is_verified": false,
        "line_number": 9
      },
      {
        "type": "Hex High Entropy String",
        "filename": "lazy-lock.json",
        "hashed_secret": "5b84c6ace33b445bf8154ec11bc0572b4e7cb9c5",
        "is_verified": false,
        "line_number": 10
      },
      {
        "type": "Hex High Entropy String",
        "filename": "lazy-lock.json",
        "hashed_secret": "03d1e1f00ba3f1102ba35964143a0abcd03bd380",
        "is_verified": false,
        "line_number": 11
      },
      {
        "type": "Hex High Entropy String",
        "filename": "lazy-lock.json",
        "hashed_secret": "9bc9c83d0d062fbbfd7538bc34c51c0777af84af",
        "is_verified": false,
        "line_number": 12
      },
      {
        "type": "Hex High Entropy String",
        "filename": "lazy-lock.json",
        "hashed_secret": "76954716c7316b59148138b7fbe76570df065158",
        "is_verified": false,
        "line_number": 13
      },
      {
        "type": "Hex High Entropy String",
        "filename": "lazy-lock.json",
        "hashed_secret": "bf5fed9350935a1b006d4d4e0aad81584c13d39e",
        "is_verified": false,
        "line_number": 14
      },
      {
        "type": "Hex High Entropy String",
        "filename": "lazy-lock.json",
        "hashed_secret": "6303698510e4419e719928fc99cf1afaa020060d",
        "is_verified": false,
        "line_number": 15
      },
      {
        "type": "Hex High Entropy String",
        "filename": "lazy-lock.json",
        "hashed_secret": "3f86fd3f99a98f9740bed72f129955cc8c7ba684",
        "is_verified": false,
        "line_number": 16
      },
      {
        "type": "Hex High Entropy String",
        "filename": "lazy-lock.json",
        "hashed_secret": "f5476642ebcc7b79aa3f3694499715fba6e02d37",
        "is_verified": false,
        "line_number": 17
      },
      {
        "type": "Hex High Entropy String",
        "filename": "lazy-lock.json",
        "hashed_secret": "dd38908a790fc7bcb3bdd43a66c0e6e96dd2e37d",
        "is_verified": false,
        "line_number": 18
      },
      {
        "type": "Hex High Entropy String",
        "filename": "lazy-lock.json",
        "hashed_secret": "77bddfa8dbc091588cecaf33501689365f28808e",
        "is_verified": false,
        "line_number": 19
      },
      {
        "type": "Hex High Entropy String",
        "filename": "lazy-lock.json",
        "hashed_secret": "1a38ce546d945a5dce42a353198651e471c7a9cf",
        "is_verified": false,
        "line_number": 20
      },
      {
        "type": "Hex High Entropy String",
        "filename": "lazy-lock.json",
        "hashed_secret": "28b8f57b7040cf67056e316255e582087d2089b7",
        "is_verified": false,
        "line_number": 21
      },
      {
        "type": "Hex High Entropy String",
        "filename": "lazy-lock.json",
        "hashed_secret": "0fd43314bad1f5a0a0b2b23a6e3ed9ce3f27cb69",
        "is_verified": false,
        "line_number": 22
      },
      {
        "type": "Hex High Entropy String",
        "filename": "lazy-lock.json",
        "hashed_secret": "d400f588a6a3b6c38dec924d6c1e6621d352c030",
        "is_verified": false,
        "line_number": 23
      },
      {
        "type": "Hex High Entropy String",
        "filename": "lazy-lock.json",
        "hashed_secret": "515f52ca75b9aa8fb838f89e0a349cff75b192f5",
        "is_verified": false,
        "line_number": 24
      },
      {
        "type": "Hex High Entropy String",
        "filename": "lazy-lock.json",
        "hashed_secret": "15a6ba1a3ed6c38419863dc6c0fa903fddec897c",
        "is_verified": false,
        "line_number": 25
      },
      {
        "type": "Hex High Entropy String",
        "filename": "lazy-lock.json",
        "hashed_secret": "1d8800aa03fcb5f101abda1509cdb2f3eb7c40a2",
        "is_verified": false,
        "line_number": 26
      },
      {
        "type": "Hex High Entropy String",
        "filename": "lazy-lock.json",
        "hashed_secret": "0af77ba6782fc12f8386dbab06b3c6bc90d8a97f",
        "is_verified": false,
        "line_number": 27
      },
      {
        "type": "Hex High Entropy String",
        "filename": "lazy-lock.json",
        "hashed_secret": "ee156b6bb148f64db9dba27d63bc9f53e64c492d",
        "is_verified": false,
        "line_number": 28
      },
      {
        "type": "Hex High Entropy String",
        "filename": "lazy-lock.json",
        "hashed_secret": "de59b0f88137bcf6125d974c46ca4869a811d3c2",
        "is_verified": false,
        "line_number": 29
      },
      {
        "type": "Hex High Entropy String",
        "filename": "lazy-lock.json",
        "hashed_secret": "2d9360f4980a937f5f25db3c23ac5c6b7edc316e",
        "is_verified": false,
        "line_number": 30
      },
      {
        "type": "Hex High Entropy String",
        "filename": "lazy-lock.json",
        "hashed_secret": "7878ddd582a069e1657c9de60f56b5fa5b2faa6a",
        "is_verified": false,
        "line_number": 31
      },
      {
        "type": "Hex High Entropy String",
        "filename": "lazy-lock.json",
        "hashed_secret": "beea185cfd1f2339c50380846a0780ded7b6f994",
        "is_verified": false,
        "line_number": 32
      },
      {
        "type": "Hex High Entropy String",
        "filename": "lazy-lock.json",
        "hashed_secret": "0df65c26a79c657f174c60e48c9d1fab7d089156",
        "is_verified": false,
        "line_number": 33
      },
      {
        "type": "Hex High Entropy String",
        "filename": "lazy-lock.json",
        "hashed_secret": "4d214cee281b241ca2f213f9e8aeae69c3f62a7c",
        "is_verified": false,
        "line_number": 34
      },
      {
        "type": "Hex High Entropy String",
        "filename": "lazy-lock.json",
        "hashed_secret": "f994a484dc9865ec8f8029ca2d95e2d090cec943",
        "is_verified": false,
        "line_number": 35
      },
      {
        "type": "Hex High Entropy String",
        "filename": "lazy-lock.json",
        "hashed_secret": "e2396a64daaef48a492a66de812bb8b52e2ada9b",
        "is_verified": false,
        "line_number": 36
      },
      {
        "type": "Hex High Entropy String",
        "filename": "lazy-lock.json",
        "hashed_secret": "1569a2486d1ab5388e63b78be75dff92fd92d4a1",
        "is_verified": false,
        "line_number": 37
      },
      {
        "type": "Hex High Entropy String",
        "filename": "lazy-lock.json",
        "hashed_secret": "0f305546e18dacf3cdc13e231aa122d35d72578b",
        "is_verified": false,
        "line_number": 38
      },
      {
        "type": "Hex High Entropy String",
        "filename": "lazy-lock.json",
        "hashed_secret": "80f03f02b7fcecdde601bb4ada7b183778cc269f",
        "is_verified": false,
        "line_number": 39
      },
      {
        "type": "Hex High Entropy String",
        "filename": "lazy-lock.json",
        "hashed_secret": "8d557bb5817e4518fbe74ae22e8fd45457960787",
        "is_verified": false,
        "line_number": 40
      },
      {
        "type": "Hex High Entropy String",
        "filename": "lazy-lock.json",
        "hashed_secret": "6513e31a1824f6eb6f794cc93791e062c5e690e6",
        "is_verified": false,
        "line_number": 41
      },
      {
        "type": "Hex High Entropy String",
        "filename": "lazy-lock.json",
        "hashed_secret": "802f5167aaf2b5949b8601cdf29479b3b2b54978",
        "is_verified": false,
        "line_number": 42
      },
      {
        "type": "Hex High Entropy String",
        "filename": "lazy-lock.json",
        "hashed_secret": "e11b270e9b0d9040dc3dd53f70a0e8911b6848e2",
        "is_verified": false,
        "line_number": 43
      },
      {
        "type": "Hex High Entropy String",
        "filename": "lazy-lock.json",
        "hashed_secret": "229cf4023c12d8192f6cf200405a32d5784217c6",
        "is_verified": false,
        "line_number": 44
      },
      {
        "type": "Hex High Entropy String",
        "filename": "lazy-lock.json",
        "hashed_secret": "f5a85768c2fb9cd32cbd893b504f70231ead0302",
        "is_verified": false,
        "line_number": 45
      },
      {
        "type": "Hex High Entropy String",
        "filename": "lazy-lock.json",
        "hashed_secret": "442215f392f3392f6e5cc7229864685344b51ba2",
        "is_verified": false,
        "line_number": 46
      },
      {
        "type": "Hex High Entropy String",
        "filename": "lazy-lock.json",
        "hashed_secret": "7ba4fd84a4bae43f8051d6ab308be68f402a83b8",
        "is_verified": false,
        "line_number": 47
      },
      {
        "type": "Hex High Entropy String",
        "filename": "lazy-lock.json",
        "hashed_secret": "818884b559da4224b1c22f81ee296b8062a6a598",
        "is_verified": false,
        "line_number": 48
      },
      {
        "type": "Hex High Entropy String",
        "filename": "lazy-lock.json",
        "hashed_secret": "76acbbe26b9fad4bf75dd25bd71041f72aa64a18",
        "is_verified": false,
        "line_number": 49
      },
      {
        "type": "Hex High Entropy String",
        "filename": "lazy-lock.json",
        "hashed_secret": "d4f54d4126477e6fed3f98116a8277dc7315d62d",
        "is_verified": false,
        "line_number": 50
      },
      {
        "type": "Hex High Entropy String",
        "filename": "lazy-lock.json",
        "hashed_secret": "09022964902ad1832280a90b273344f8c4d6c38c",
        "is_verified": false,
        "line_number": 51
      },
      {
        "type": "Hex High Entropy String",
        "filename": "lazy-lock.json",
        "hashed_secret": "4dfa1d697989a8b8f0de919dff88c250fc5438fa",
        "is_verified": false,
        "line_number": 52
      },
      {
        "type": "Hex High Entropy String",
        "filename": "lazy-lock.json",
        "hashed_secret": "178db953a47a8b744e9bf61917a293faab20e7bc",
        "is_verified": false,
        "line_number": 53
      },
      {
        "type": "Hex High Entropy String",
        "filename": "lazy-lock.json",
        "hashed_secret": "2282f995f63426dcf78f5dbb0884ba1d4af3b01a",
        "is_verified": false,
        "line_number": 54
      },
      {
        "type": "Hex High Entropy String",
        "filename": "lazy-lock.json",
        "hashed_secret": "5e87ac51fd3a395438ac7352bf714e1ae07fd939",
        "is_verified": false,
        "line_number": 55
      },
      {
        "type": "Hex High Entropy String",
        "filename": "lazy-lock.json",
        "hashed_secret": "b56b8fa7957a5c4ef3d8c880f41c6f72f2602c5e",
        "is_verified": false,
        "line_number": 56
      },
      {
        "type": "Hex High Entropy String",
        "filename": "lazy-lock.json",
        "hashed_secret": "b0ea3c8a9f3e55a936c4343eb8ebc7f08d3cceb9",
        "is_verified": false,
        "line_number": 57
      },
      {
        "type": "Hex High Entropy String",
        "filename": "lazy-lock.json",
        "hashed_secret": "b05c1f63b4dd3ff9fb119b02f01606737e61a78c",
        "is_verified": false,
        "line_number": 58
      },
      {
        "type": "Hex High Entropy String",
        "filename": "lazy-lock.json",
        "hashed_secret": "2c2825353c2b29d673839ddbe720a6c863d04fcd",
        "is_verified": false,
        "line_number": 59
      },
      {
        "type": "Hex High Entropy String",
        "filename": "lazy-lock.json",
        "hashed_secret": "afe6d4e1d0e207247fe27f9bf4fcd7d012c041e4",
        "is_verified": false,
        "line_number": 60
      },
      {
        "type": "Hex High Entropy String",
        "filename": "lazy-lock.json",
        "hashed_secret": "8b18bc9387b254a5be38bb311884e0b2a9febef4",
        "is_verified": false,
        "line_number": 61
      },
      {
        "type": "Hex High Entropy String",
        "filename": "lazy-lock.json",
        "hashed_secret": "9a43c7393e02ac26b2a5a5597bf113fb1e08a776",
        "is_verified": false,
        "line_number": 62
      },
      {
        "type": "Hex High Entropy String",
        "filename": "lazy-lock.json",
        "hashed_secret": "c5664528035aca2a88fc8e63ca869da2e86a6ed5",
        "is_verified": false,
        "line_number": 63
      },
      {
        "type": "Hex High Entropy String",
        "filename": "lazy-lock.json",
        "hashed_secret": "5bdab15e7ce8a926b60007154358ef5ea778887f",
        "is_verified": false,
        "line_number": 64
      },
      {
        "type": "Hex High Entropy String",
        "filename": "lazy-lock.json",
        "hashed_secret": "9b00d5dfcc890ef1c4a400fcb3b8702365a98bed",
        "is_verified": false,
        "line_number": 65
      },
      {
        "type": "Hex High Entropy String",
        "filename": "lazy-lock.json",
        "hashed_secret": "f2e8ef887689d3849481886e56d650a2a7f403fc",
        "is_verified": false,
        "line_number": 66
      },
      {
        "type": "Hex High Entropy String",
        "filename": "lazy-lock.json",
        "hashed_secret": "7be4723603643baf66c688b3a019ac7bd635ddb2",
        "is_verified": false,
        "line_number": 67
      },
      {
        "type": "Hex High Entropy String",
        "filename": "lazy-lock.json",
        "hashed_secret": "df2f13245c520d9a6ef5587e9f02b6ccf8215fb8",
        "is_verified": false,
        "line_number": 68
      },
      {
        "type": "Hex High Entropy String",
        "filename": "lazy-lock.json",
        "hashed_secret": "da7bc977f9ad2817d3eb80e952a9ea082c4e1b55",
        "is_verified": false,
        "line_number": 69
      },
      {
        "type": "Hex High Entropy String",
        "filename": "lazy-lock.json",
        "hashed_secret": "9ee15926f729c5ea197536d02239544e3502d512",
        "is_verified": false,
        "line_number": 70
      },
      {
        "type": "Hex High Entropy String",
        "filename": "lazy-lock.json",
        "hashed_secret": "18539496e0b29d1a73a2c5277b89c8345752dc66",
        "is_verified": false,
        "line_number": 71
      },
      {
        "type": "Hex High Entropy String",
        "filename": "lazy-lock.json",
        "hashed_secret": "c21e0437539d14169a61b4a520ab610109303b1b",
        "is_verified": false,
        "line_number": 72
      }
    ],
    "macos-settings.toml": [
      {
        "type": "Secret Keyword",
        "filename": "macos-settings.toml",
        "hashed_secret": "5ffe533b830f08a0326348a9160afafc8ada44db",
        "is_verified": false,
        "line_number": 34
      },
      {
        "type": "Secret Keyword",
        "filename": "macos-settings.toml",
        "hashed_secret": "e490daf7c29a783e9bd62c2d7e7a383580e631ce",
        "is_verified": false,
        "line_number": 35
      }
    ],
    "private_dot_config/private_atuin/private_config.toml": [
      {
        "type": "Secret Keyword",
        "filename": "private_dot_config/private_atuin/private_config.toml",
        "hashed_secret": "5ffe533b830f08a0326348a9160afafc8ada44db",
        "is_verified": false,
        "line_number": 146
      }
    ]
  },
  "generated_at": "2025-10-31T08:35:07Z"
}
